// Jest Snapshot v1, https://goo.gl/fbAQLP

exports[`RenderPostsByTagsBeforeDate renders the page unchanged 1`] = `
<div>
  <div
    class="container"
  >
    <div
      class="mainContent"
    >
      <header>
        <h2>
          Diary
        </h2>
      </header>
      <div
        class="post"
      >
        <div
          class="blue"
        >
          <span
            class="postCategory"
            href="/blog/category/Learning"
          >
            Learning
          </span>
        </div>
        <div
          class="postDate"
        >
          2021-11-06
        </div>
        <div
          class="postTags"
        >
          <a
            href="/blog/tag/Diary"
          >
            Diary
          </a>
        </div>
        <h3
          class="postTitle"
        >
          <a
            href="/blog/ihatov"
          >
            あのイーハトーヴォのすきとおった風
          </a>
        </h3>
        👤
        <span
          style="padding: 0px 0px 0px 10px;"
        >
          へろほろ
        </span>
        <div
          class="postExcerpt"
        >
          <p>
            あのイーハトーヴォのすきとおった風、夏でも底に冷たさをもつ青いそら、うつくしい森で飾られたモリーオ市、郊外のぎらぎらひかる草の波。
          </p>
        </div>
        <div
          class="readMoreLink"
        >
          <div
            class="box"
          >
            <span>
              <a
                class="readMore"
                href="/blog/ihatov"
              >
                Read more
              </a>
            </span>
          </div>
        </div>
      </div>
      <div
        class="post"
      >
        <div
          class="blue"
        >
          <span
            class="postCategory"
            href="/blog/category/Learning"
          >
            Learning
          </span>
        </div>
        <div
          class="postDate"
        >
          2021-11-03
        </div>
        <div
          class="postTags"
        >
          <a
            href="/blog/tag/Diary"
          >
            Diary
          </a>
        </div>
        <h3
          class="postTitle"
        >
          <a
            href="/blog/supported-blocks"
          >
            Supported blocks
          </a>
        </h3>
        👤
        <span
          style="padding: 0px 0px 0px 10px;"
        >
          へろほろ
        </span>
        <div
          class="postExcerpt"
        >
          <p>
            Supported blocks in easy-notion-blog
          </p>
        </div>
        <div
          class="readMoreLink"
        >
          <div
            class="box"
          >
            <span>
              <a
                class="readMore"
                href="/blog/supported-blocks"
              >
                Read more
              </a>
            </span>
          </div>
        </div>
      </div>
      <div
        class="post"
      >
        <div
          class="blue"
        >
          <span
            class="postCategory"
            href="/blog/category/Learning"
          >
            Learning
          </span>
        </div>
        <div
          class="postDate"
        >
          2021-11-01
        </div>
        <div
          class="postTags"
        >
          <a
            href="/blog/tag/Diary"
          >
            Diary
          </a>
        </div>
        <h3
          class="postTitle"
        >
          <a
            href="/blog/my-first-post"
          >
            My 1st post
          </a>
        </h3>
        👤
        <span
          style="padding: 0px 0px 0px 10px;"
        >
          へろほろ
        </span>
        <div
          class="postExcerpt"
        >
          <p>
            This is an excerpt.
          </p>
        </div>
        <div
          class="readMoreLink"
        >
          <div
            class="box"
          >
            <span>
              <a
                class="readMore"
                href="/blog/my-first-post"
              >
                Read more
              </a>
            </span>
          </div>
        </div>
      </div>
      <footer>
        <div
          class="nextPageLink"
        >
          <a
            href="/blog/tag/Diary/before/2021-11-01"
          >
            Find more articles ＞
          </a>
        </div>
      </footer>
    </div>
    <div
      class="subContent"
    >
      <div
        class="blogTagLink"
      >
        <h3>
          Categorys
        </h3>
        <div
          class="noContents"
        >
          There are no contents yet
        </div>
      </div>
      <div
        class="blogTagLink"
      >
        <h3>
          Tags
        </h3>
        <ul>
          <li>
            <a
              href="/blog/tag/Diary"
            >
              Diary
            </a>
          </li>
        </ul>
      </div>
      <div
        class="blogPostLink"
      >
        <h3>
          Recommended
        </h3>
        <ul>
          <li>
            <a
              href="/blog/ihatov"
            >
              あのイーハトーヴォのすきとおった風
            </a>
          </li>
          <li>
            <a
              href="/blog/supported-blocks"
            >
              Supported blocks
            </a>
          </li>
          <li>
            <a
              href="/blog/my-first-post"
            >
              My 1st post
            </a>
          </li>
        </ul>
      </div>
      <div
        class="blogPostLink"
      >
        <h3>
          Latest Posts
        </h3>
        <ul>
          <li>
            <a
              href="/blog/ihatov"
            >
              あのイーハトーヴォのすきとおった風
            </a>
          </li>
          <li>
            <a
              href="/blog/supported-blocks"
            >
              Supported blocks
            </a>
          </li>
          <li>
            <a
              href="/blog/my-first-post"
            >
              My 1st post
            </a>
          </li>
        </ul>
      </div>
    </div>
  </div>
</div>
`;
